#
# A fatal error has been detected by the Java Runtime Environment:
#
#  EXCEPTION_INT_DIVIDE_BY_ZERO (0xc0000094) at pc=0x00007ffe66a9136f, pid=2128, tid=3392
#
# JRE version: Java(TM) SE Runtime Environment (25.0.1+8) (build 25.0.1+8-LTS-27)
# Java VM: Java HotSpot(TM) 64-Bit Server VM (25.0.1+8-LTS-27, mixed mode, sharing, tiered, compressed oops, compressed class ptrs, g1 gc, windows-amd64)
# Problematic frame:
# C  [ArithmeticLib.dll+0x136f]
#
# No core dump will be written. Minidumps are not enabled by default on client versions of Windows
#
# If you would like to submit a bug report, please visit:
#   https://bugreport.java.com/bugreport/crash.jsp
# The crash happened outside the Java Virtual Machine in native code.
# See problematic frame for where to report the bug.
#

---------------  S U M M A R Y ------------

Command Line: NativeArithmetic

Host: 11th Gen Intel(R) Core(TM) i5-1155G7 @ 2.50GHz, 8 cores, 7G,  Windows 11 , 64 bit Build 22621 (10.0.22621.3958)
Time: Sat Nov 22 14:35:57 2025 India Standard Time elapsed time: 14.327679 seconds (0d 0h 0m 14s)

---------------  T H R E A D  ---------------

Current thread (0x000001e6ef36ca20):  JavaThread "main"             [_thread_in_native, id=3392, stack(0x0000008ea4a00000,0x0000008ea4b00000) (1024K)]

Stack: [0x0000008ea4a00000,0x0000008ea4b00000],  sp=0x0000008ea4aff420,  free space=1021k
Native frames: (J=compiled Java code, j=interpreted, Vv=VM code, C=native code)
C  [ArithmeticLib.dll+0x136f]  (no source info available)
C  0x000001e68753d293  (no source info available)

The last pc belongs to native method entry point (kind = native) (printed below).
Java frames: (J=compiled Java code, j=interpreted, Vv=VM code)
j  NativeArithmetic.div(II)I+0
j  NativeArithmetic.main([Ljava/lang/String;)V+115
v  ~StubRoutines::call_stub 0x000001e6875312ed

siginfo: EXCEPTION_INT_DIVIDE_BY_ZERO (0xc0000094)


Registers:
RAX=0x0000000000000032, RBX=0x000001e68f400710, RCX=0x000001e6ef36ce68, RDX=0x0000000000000000
RSP=0x0000008ea4aff420, RBP=0x0000008ea4aff420, RSI=0x0000000000000013, RDI=0x000001e687538b18
R8 =0x0000000000000032, R9 =0x0000000000000000, R10=0x000001e68753d333, R11=0x0000000000000101
R12=0x0000000000000000, R13=0x000001e68f400710, R14=0x0000008ea4aff4e8, R15=0x000001e6ef36ca20
RIP=0x00007ffe66a9136f, EFLAGS=0x0000000000010206

XMM[0]=0x0000000000000000 0x0000000000000000
XMM[1]=0x0000000000000000 0x0000000000000000
XMM[2]=0x7669645f63697465 0x6d68746972416576
XMM[3]=0x0000000000000000 0x0000000000000000
XMM[4]=0x0000000000000000 0x0000000000000000
XMM[5]=0x0000000000000000 0x0000000000000000
XMM[6]=0x0000000000000000 0x0000000000000000
XMM[7]=0x0000000000000000 0x0000000000000000
XMM[8]=0x0000000000000000 0x0000000000000000
XMM[9]=0x0000000000000000 0x0000000000000000
XMM[10]=0x0000000000000000 0x0000000000000000
XMM[11]=0x0000000000000000 0x0000000000000000
XMM[12]=0x0000000000000000 0x0000000000000000
XMM[13]=0x0000000000000000 0x0000000000000000
XMM[14]=0x0000000000000000 0x0000000000000000
XMM[15]=0x0000000000000000 0x0000000000000000
  MXCSR=0x00001fa0


Register to memory mapping:

RAX=0x0000000000000032 is an unknown value
RBX={method} {0x000001e68f400718} 'div' '(II)I' in 'NativeArithmetic'
RCX=0x000001e6ef36ce68 points into unknown readable memory: 0x00007ffe1e526b50 | 50 6b 52 1e fe 7f 00 00
RDX=0x0 is null
RSP=0x0000008ea4aff420 is pointing into the stack for thread: 0x000001e6ef36ca20
RBP=0x0000008ea4aff420 is pointing into the stack for thread: 0x000001e6ef36ca20
RSI=0x0000000000000013 is an unknown value
RDI=0x000001e687538b18 is at code_begin+1272 in an Interpreter codelet
return entry points  [0x000001e687538620, 0x000001e687539298]  3192 bytes
R8 =0x0000000000000032 is an unknown value
R9 =0x0 is null
R10=0x000001e68753d333 is at code_begin+1139 in an Interpreter codelet
native method entry point (kind = native)  [0x000001e68753cec0, 0x000001e68753dac0]  3072 bytes
R11=0x0000000000000101 is an unknown value
R12=0x0 is null
R13={method} {0x000001e68f400718} 'div' '(II)I' in 'NativeArithmetic'
R14=0x0000008ea4aff4e8 is pointing into the stack for thread: 0x000001e6ef36ca20
R15=0x000001e6ef36ca20 is a thread

Top of Stack: (sp=0x0000008ea4aff420)
0x0000008ea4aff420:   0000008ea4aff4b8 000001e68753d293   ..........S.....
0x0000008ea4aff430:   000001e6ef36ce68 0000008ea4aff4e8   h.6.............
0x0000008ea4aff440:   0000000000000032 000001e600000000   2...............
0x0000008ea4aff450:   0000000000000013 000001e687538b18   ..........S.....
0x0000008ea4aff460:   0000000000000000 000001e68753cf6b   ........k.S.....
0x0000008ea4aff470:   fffffffffffffff7 000001e68f400710   ..........@.....
0x0000008ea4aff480:   0000000000000006 000001e68f400b60   ........`.@.....
0x0000008ea4aff490:   0000000000000000 000000008d31f408   ..........1.....
0x0000008ea4aff4a0:   000001e68f400710 0000000000000000   ..@.............
0x0000008ea4aff4b0:   0000008ea4aff4d8 0000008ea4aff540   ........@.......
0x0000008ea4aff4c0:   000001e687538c60 0000000000000000   `.S.............
0x0000008ea4aff4d0:   000001e68753a755 0000000000000000   U.S.............
0x0000008ea4aff4e0:   0000000000000032 000000008d2db3e8   2.........-.....
0x0000008ea4aff4f0:   000000008d309010 fffffffffffffff7   ..0.............
0x0000008ea4aff500:   000001e68f400823 0000000000000006   #.@.............
0x0000008ea4aff510:   000001e68f400b60 0000000000000000   `.@.............
0x0000008ea4aff520:   000000008d31f408 000001e68f400848   ..1.....H.@.....
0x0000008ea4aff530:   fffffffffffffff3 0000008ea4aff570   ........p.......
0x0000008ea4aff540:   0000008ea4aff650 000001e6875312ed   P.........S.....
0x0000008ea4aff550:   0000000000000000 0000000000000032   ........2.......
0x0000008ea4aff560:   000000008d2db3e8 000000008d3626a8   ..-......&6.....
0x0000008ea4aff570:   000000008d31fa98 0000000000000000   ..1.............
0x0000008ea4aff580:   0000000000000000 0000000000000000   ................
0x0000008ea4aff590:   0000000000000000 0000000000000000   ................
0x0000008ea4aff5a0:   0000000000000000 0000000000000000   ................
0x0000008ea4aff5b0:   0000000000000000 0000000000000000   ................
0x0000008ea4aff5c0:   0000000000000000 0000000000000000   ................
0x0000008ea4aff5d0:   0000000000000000 0000000000000000   ................
0x0000008ea4aff5e0:   0000000000000000 0000000000000000   ................
0x0000008ea4aff5f0:   0000000000000000 0000000000000000   ................
0x0000008ea4aff600:   0000000000000000 0000000000000000   ................
0x0000008ea4aff610:   0000000000000000 0000008ea4aff898   ................

Instructions: (pc=0x00007ffe66a9136f)
  0x00007ffe66a9126f:   74 57 49 89 f8 89 da 48 89 f1 e8 e2 0e 00 00 41
  0x00007ffe66a9127f:   89 c1 83 fb 01 75 b8 85 c0 75 b4 49 89 f8 31 d2
  0x00007ffe66a9128f:   48 89 f1 44 89 4c 24 2c e8 c4 0e 00 00 49 89 f8
  0x00007ffe66a9129f:   31 d2 48 89 f1 e8 57 fd ff ff 44 8b 4c 24 2c eb
  0x00007ffe66a912af:   8e e8 ab 0e 00 00 41 89 c1 83 fb 03 75 81 e9 6c
  0x00007ffe66a912bf:   ff ff ff 66 0f 1f 44 00 00 45 31 c9 e9 6e ff ff
  0x00007ffe66a912cf:   ff 48 89 ca 48 8d 0d 26 5d 00 00 e9 a9 0f 00 00
  0x00007ffe66a912df:   90 48 8d 0d 09 00 00 00 e9 e4 ff ff ff 0f 1f 40
  0x00007ffe66a912ef:   00 c3 90 90 90 90 90 90 90 90 90 90 90 90 90 90
  0x00007ffe66a912ff:   90 55 48 89 e5 48 89 4d 10 48 89 55 18 44 89 45
  0x00007ffe66a9130f:   20 44 89 4d 28 8b 55 20 8b 45 28 01 d0 5d c3 55
  0x00007ffe66a9131f:   48 89 e5 48 89 4d 10 48 89 55 18 44 89 45 20 44
  0x00007ffe66a9132f:   89 4d 28 8b 45 20 2b 45 28 5d c3 55 48 89 e5 48
  0x00007ffe66a9133f:   89 4d 10 48 89 55 18 44 89 45 20 44 89 4d 28 8b
  0x00007ffe66a9134f:   45 20 0f af 45 28 5d c3 55 48 89 e5 48 89 4d 10
  0x00007ffe66a9135f:   48 89 55 18 44 89 45 20 44 89 4d 28 8b 45 20 99
=>0x00007ffe66a9136f:   f7 7d 28 5d c3 90 90 90 90 90 90 90 90 90 90 90
  0x00007ffe66a9137f:   90 48 83 ec 28 48 8b 05 85 1c 00 00 48 8b 00 48
  0x00007ffe66a9138f:   85 c0 74 2a 66 90 66 66 2e 0f 1f 84 00 00 00 00
  0x00007ffe66a9139f:   00 ff d0 48 8b 05 67 1c 00 00 48 8d 50 08 48 8b
  0x00007ffe66a913af:   40 08 48 89 15 58 1c 00 00 48 85 c0 75 e3 48 83
  0x00007ffe66a913bf:   c4 28 c3 0f 1f 00 66 66 2e 0f 1f 84 00 00 00 00
  0x00007ffe66a913cf:   00 56 53 48 83 ec 28 48 8b 15 13 2e 00 00 48 8b
  0x00007ffe66a913df:   02 89 c1 83 f8 ff 74 39 85 c9 74 20 89 c8 83 e9
  0x00007ffe66a913ef:   01 48 8d 1c c2 48 29 c8 48 8d 74 c2 f8 0f 1f 40
  0x00007ffe66a913ff:   00 ff 13 48 83 eb 08 48 39 f3 75 f5 48 8d 0d 6e
  0x00007ffe66a9140f:   ff ff ff 48 83 c4 28 5b 5e e9 b3 fe ff ff 0f 1f
  0x00007ffe66a9141f:   00 31 c0 0f 1f 00 66 66 2e 0f 1f 84 00 00 00 00
  0x00007ffe66a9142f:   00 44 8d 40 01 89 c1 4c 89 c0 4a 83 3c c2 00 75
  0x00007ffe66a9143f:   f0 eb a5 0f 1f 00 66 66 2e 0f 1f 84 00 00 00 00
  0x00007ffe66a9144f:   00 8b 05 ca 5b 00 00 85 c0 74 06 c3 0f 1f 44 00
  0x00007ffe66a9145f:   00 c7 05 b6 5b 00 00 01 00 00 00 e9 61 ff ff ff


Stack slot to memory mapping:

stack at sp + 0 slots: 0x0000008ea4aff4b8 is pointing into the stack for thread: 0x000001e6ef36ca20
stack at sp + 1 slots: 0x000001e68753d293 is at code_begin+979 in an Interpreter codelet
native method entry point (kind = native)  [0x000001e68753cec0, 0x000001e68753dac0]  3072 bytes
stack at sp + 2 slots: 0x000001e6ef36ce68 points into unknown readable memory: 0x00007ffe1e526b50 | 50 6b 52 1e fe 7f 00 00
stack at sp + 3 slots: 0x0000008ea4aff4e8 is pointing into the stack for thread: 0x000001e6ef36ca20
stack at sp + 4 slots: 0x0000000000000032 is an unknown value
stack at sp + 5 slots: 0x000001e600000000 is an unknown value
stack at sp + 6 slots: 0x0000000000000013 is an unknown value
stack at sp + 7 slots: 0x000001e687538b18 is at code_begin+1272 in an Interpreter codelet
return entry points  [0x000001e687538620, 0x000001e687539298]  3192 bytes

Lock stack of current Java thread (top to bottom):

native method entry point (kind = native)  [0x000001e68753cec0, 0x000001e68753dac0]  3072 bytes
[MachCode]
  0x000001e68753cec0: 488b 4b08 | 0fb7 492e | 584c 8d74 | ccf8 6800 | 0000 0068 | 0000 0000 | 5055 488b | ec41 5548 
  0x000001e68753cee0: 8b43 084c | 8d68 3848 | 8b40 0868 | 0000 0000 | 5348 8b50 | 1848 8b52 | 7048 8b12 | 5248 8b53 
  0x000001e68753cf00: 1048 85d2 | 7407 4881 | c2d0 0000 | 0052 488b | 5010 5249 | 8bc6 482b | c548 c1e8 | 0350 6800 
  0x000001e68753cf20: 0000 0068 | f7ff ffff | 41c6 87f1 | 0400 0001 | 488b 4310 | 4885 c074 | 208b 8890 | 0000 0083 
  0x000001e68753cf40: c102 8988 | 9000 0000 | 2388 a400 | 0000 0f84 | b80a 0000 | e9cf 0000 | 0048 8b43 | 1848 85c0 
  0x000001e68753cf60: 0f85 b000 | 0000 e805 | 0000 00e9 | 9900 0000 | 488b d348 | 8d44 2408 | 4c89 6dc0 | 498b cfc5 
  0x000001e68753cf80: f877 4989 | af38 0400 | 0049 8987 | 2804 0000 | 4883 ec20 | 40f6 c40f | 0f84 1900 | 0000 4883 
  0x000001e68753cfa0: ec08 48b8 | 401f cb1d | fe7f 0000 | ffd0 4883 | c408 e90c | 0000 0048 | b840 1fcb | 1dfe 7f00 
  0x000001e68753cfc0: 00ff d048 | 83c4 2049 | c787 2804 | 0000 0000 | 0000 49c7 | 8738 0400 | 0000 0000 | 0049 c787 
  0x000001e68753cfe0: 3004 0000 | 0000 0000 | c5f8 7749 | 837f 0800 | 0f84 0500 | 0000 e9e5 | 41ff ff4c | 8b6d c04c 
  0x000001e68753d000: 8b75 c84e | 8d74 f500 | c348 8b43 | 1848 85c0 | 0f84 1200 | 0000 8b48 | 0883 c102 | 8948 0823 
  0x000001e68753d020: 482c 0f84 | e409 0000 | 493b a770 | 0500 000f | 8748 0000 | 0089 8424 | 00f0 ffff | 8984 2400 
  0x000001e68753d040: e0ff ff89 | 8424 00d0 | ffff 8984 | 2400 c0ff | ff89 8424 | 00b0 ffff | 8984 2400 | a0ff ff89 
  0x000001e68753d060: 8424 0090 | ffff 8984 | 2400 80ff | ff49 3ba7 | 6805 0000 | 7607 4989 | a770 0500 | 0041 c687 
  0x000001e68753d080: f104 0000 | 0048 8b5d | e84c 8b5b | 0845 0fb7 | 5b2e 41c1 | e303 492b | e348 83ec | 2048 83e4 
  0x000001e68753d0a0: f04c 8b5b | 604d 85db | 0f85 ab00 | 0000 e805 | 0000 00e9 | 9900 0000 | 488b d348 | 8d44 2408 
  0x000001e68753d0c0: 4c89 6dc0 | 498b cfc5 | f877 4989 | af38 0400 | 0049 8987 | 2804 0000 | 4883 ec20 | 40f6 c40f 
  0x000001e68753d0e0: 0f84 1900 | 0000 4883 | ec08 48b8 | 7048 cb1d | fe7f 0000 | ffd0 4883 | c408 e90c | 0000 0048 
  0x000001e68753d100: b870 48cb | 1dfe 7f00 | 00ff d048 | 83c4 2049 | c787 2804 | 0000 0000 | 0000 49c7 | 8738 0400 
  0x000001e68753d120: 0000 0000 | 0049 c787 | 3004 0000 | 0000 0000 | c5f8 7749 | 837f 0800 | 0f84 0500 | 0000 e99d 
  0x000001e68753d140: 40ff ff4c | 8b6d c04c | 8b75 c84e | 8d74 f500 | c348 8b5d | e84c 8b5b | 6041 ffd3 | 488b 5de8 
  0x000001e68753d160: 4889 4518 | 440f b75b | 2c41 f6c3 | 080f 841b | 0000 004c | 8b5b 084d | 8b5b 084d | 8b5b 184d 
  0x000001e68753d180: 8b5b 704d | 8b1b 4c89 | 5d10 488d | 5510 488b | 4358 49ba | a00f 061e | fe7f 0000 | 493b c20f 
  0x000001e68753d1a0: 85ab 0000 | 00e8 0500 | 0000 e999 | 0000 0048 | 8bd3 488d | 4424 084c | 896d c049 | 8bcf c5f8 
  0x000001e68753d1c0: 7749 89af | 3804 0000 | 4989 8728 | 0400 0048 | 83ec 2040 | f6c4 0f0f | 8419 0000 | 0048 83ec 
  0x000001e68753d1e0: 0848 b870 | 48cb 1dfe | 7f00 00ff | d048 83c4 | 08e9 0c00 | 0000 48b8 | 7048 cb1d | fe7f 0000 
  0x000001e68753d200: ffd0 4883 | c420 49c7 | 8728 0400 | 0000 0000 | 0049 c787 | 3804 0000 | 0000 0000 | 49c7 8730 
  0x000001e68753d220: 0400 0000 | 0000 00c5 | f877 4983 | 7f08 000f | 8405 0000 | 00e9 a63f | ffff 4c8b | 6dc0 4c8b 
  0x000001e68753d240: 75c8 4e8d | 74f5 00c3 | 488b 5de8 | 488b 4358 | 498d 8f48 | 0400 004c | 8d15 d500 | 0000 4d89 
  0x000001e68753d260: 9730 0400 | 00c5 f877 | 4989 af38 | 0400 0049 | 89a7 2804 | 0000 41c7 | 87d4 0400 | 0004 0000 
  0x000001e68753d280: 0049 3ba7 | c805 0000 | 7607 4989 | a7c8 0500 | 00ff d049 | 3ba7 c805 | 0000 720b | 49c7 87c8 
  0x000001e68753d2a0: 0500 0000 | 0000 00c5 | f877 4883 | ec10 c5fb | 1104 2448 | 83ec 1048 | 8904 2448 | c744 2408 
  0x000001e68753d2c0: 0000 0000 | 41c7 87d4 | 0400 0005 | 0000 00f0 | 8344 24c0 | 0049 3b6f | 280f 870e | 0000 0041 
  0x000001e68753d2e0: 83bf d004 | 0000 000f | 8420 0000 | 0049 8bcf | 4c8b e448 | 83ec 2048 | 83e4 f048 | b8a0 accc 
  0x000001e68753d300: 1dfe 7f00 | 00ff d049 | 8be4 4d33 | e441 c787 | d404 0000 | 0800 0000 | 4d8b 97f0 | 0500 0049 
  0x000001e68753d320: 83fa 0074 | 3549 c787 | f005 0000 | 0000 0000 | 41ff e249 | ba60 be53 | 87e6 0100 | 0041 ffd2 
  0x000001e68753d340: 4883 ec10 | c5fb 1104 | 2448 83ec | 1048 8904 | 2448 c744 | 2408 0000 | 0000 49c7 | 8728 0400 
  0x000001e68753d360: 0000 0000 | 0049 c787 | 3804 0000 | 0000 0000 | 49c7 8730 | 0400 0000 | 0000 00c5 | f877 4d8b 
  0x000001e68753d380: 9fb8 0400 | 0041 c783 | 0001 0000 | 0000 0000 | 49bb 5aa7 | 5387 e601 | 0000 4c3b | 5d18 0f85 
  0x000001e68753d3a0: 5b02 0000 | 488b 0424 | 4883 c410 | 4885 c00f | 8435 0200 | 00a8 030f | 8508 0000 | 0048 8b00 
  0x000001e68753d3c0: e925 0200 | 00a8 010f | 8509 0000 | 0048 8b40 | fee9 1402 | 0000 488b | 40ff 4180 | 7f48 000f 
  0x000001e68753d3e0: 8405 0200 | 0048 83f8 | 000f 84fb | 0100 004d | 8b5f 384d | 85db 0f84 | 1400 0000 | 4983 eb08 
  0x000001e68753d400: 4d89 5f38 | 4d03 5f40 | 4989 03e9 | da01 0000 | 4881 ecf0 | 0000 0048 | 8904 2448 | 894c 2408 
  0x000001e68753d420: 4889 5424 | 104c 8944 | 2418 4c89 | 4c24 204c | 8954 2428 | 4c89 5c24 | 30c5 fb11 | 4424 40c5 
  0x000001e68753d440: fb11 4c24 | 48c5 fb11 | 5424 50c5 | fb11 5c24 | 58c5 fb11 | 6424 60c5 | fb11 6c24 | 6862 e1ff 
  0x000001e68753d460: 0811 4424 | 0e62 e1ff | 0811 4c24 | 0f62 e1ff | 0811 5424 | 1062 e1ff | 0811 5c24 | 1162 e1ff 
  0x000001e68753d480: 0811 6424 | 1262 e1ff | 0811 6c24 | 1362 e1ff | 0811 7424 | 1462 e1ff | 0811 7c24 | 1562 61ff 
  0x000001e68753d4a0: 0811 4424 | 1662 61ff | 0811 4c24 | 1762 61ff | 0811 5424 | 1862 61ff | 0811 5c24 | 1962 61ff 
  0x000001e68753d4c0: 0811 6424 | 1a62 61ff | 0811 6c24 | 1b62 61ff | 0811 7424 | 1c62 61ff | 0811 7c24 | 1d49 8bd7 
  0x000001e68753d4e0: 488b c848 | 83ec 2040 | f6c4 0f0f | 8419 0000 | 0048 83ec | 0848 b820 | 76bf 1dfe | 7f00 00ff 
  0x000001e68753d500: d048 83c4 | 08e9 0c00 | 0000 48b8 | 2076 bf1d | fe7f 0000 | ffd0 4883 | c420 6261 | ff08 107c 
  0x000001e68753d520: 241d 6261 | ff08 1074 | 241c 6261 | ff08 106c | 241b 6261 | ff08 1064 | 241a 6261 | ff08 105c 
  0x000001e68753d540: 2419 6261 | ff08 1054 | 2418 6261 | ff08 104c | 2417 6261 | ff08 1044 | 2416 62e1 | ff08 107c 
  0x000001e68753d560: 2415 62e1 | ff08 1074 | 2414 62e1 | ff08 106c | 2413 62e1 | ff08 1064 | 2412 62e1 | ff08 105c 
  0x000001e68753d580: 2411 62e1 | ff08 1054 | 2410 62e1 | ff08 104c | 240f 62e1 | ff08 1044 | 240e c5fb | 106c 2468 
  0x000001e68753d5a0: c5fb 1064 | 2460 c5fb | 105c 2458 | c5fb 1054 | 2450 c5fb | 104c 2448 | c5fb 1044 | 2440 4c8b 
  0x000001e68753d5c0: 5c24 304c | 8b54 2428 | 4c8b 4c24 | 204c 8b44 | 2418 488b | 5424 1048 | 8b4c 2408 | 488b 0424 
  0x000001e68753d5e0: 4881 c4f0 | 0000 00c5 | f877 4889 | 4510 4883 | ec10 4889 | 0424 48c7 | 4424 0800 | 0000 0041 
  0x000001e68753d600: 83bf 5005 | 0000 020f | 85bf 0000 | 0048 81ec | 8000 0000 | 4889 4424 | 7848 894c | 2470 4889 
  0x000001e68753d620: 5424 6848 | 895c 2460 | 4889 6c24 | 5048 8974 | 2448 4889 | 7c24 404c | 8944 2438 | 4c89 4c24 
  0x000001e68753d640: 304c 8954 | 2428 4c89 | 5c24 204c | 8964 2418 | 4c89 6c24 | 104c 8974 | 2408 4c89 | 3c24 4c8b 
  0x000001e68753d660: e448 83ec | 2048 83e4 | f048 b810 | f705 1efe | 7f00 00ff | d049 8be4 | 4c8b 3c24 | 4c8b 7424 
  0x000001e68753d680: 084c 8b6c | 2410 4c8b | 6424 184c | 8b5c 2420 | 4c8b 5424 | 284c 8b4c | 2430 4c8b | 4424 3848 
  0x000001e68753d6a0: 8b7c 2440 | 488b 7424 | 4848 8b6c | 2450 488b | 5c24 6048 | 8b54 2468 | 488b 4c24 | 7048 8b44 
  0x000001e68753d6c0: 2478 4881 | c480 0000 | 004d 33e4 | 488b 5de8 | 4c8b 6b08 | 4d8d 6d38 | 4983 7f08 | 000f 84bb 
  0x000001e68753d6e0: 0000 00e8 | 0500 0000 | e996 0000 | 0048 8d44 | 2408 4c89 | 6dc0 498b | cfc5 f877 | 4989 af38 
  0x000001e68753d700: 0400 0049 | 8987 2804 | 0000 4883 | ec20 40f6 | c40f 0f84 | 1900 0000 | 4883 ec08 | 48b8 b066 
  0x000001e68753d720: cb1d fe7f | 0000 ffd0 | 4883 c408 | e90c 0000 | 0048 b8b0 | 66cb 1dfe | 7f00 00ff | d048 83c4 
  0x000001e68753d740: 2049 c787 | 2804 0000 | 0000 0000 | 49c7 8738 | 0400 0000 | 0000 0049 | c787 3004 | 0000 0000 
  0x000001e68753d760: 0000 c5f8 | 7749 837f | 0800 0f84 | 0500 0000 | e96b 3aff | ff4c 8b6d | c04c 8b75 | c84e 8d74 
  0x000001e68753d780: f500 c348 | b948 082f | 1efe 7f00 | 0048 83e4 | f048 b800 | 8df2 1dfe | 7f00 00ff | d0f4 440f 
  0x000001e68753d7a0: b75b 2c41 | f6c3 200f | 8472 0100 | 0048 8d55 | a84c 8b5a | 084d 85db | 0f85 bb00 | 0000 e805 
  0x000001e68753d7c0: 0000 00e9 | 9600 0000 | 488d 4424 | 084c 896d | c049 8bcf | c5f8 7749 | 89af 3804 | 0000 4989 
  0x000001e68753d7e0: 8728 0400 | 0048 83ec | 2040 f6c4 | 0f0f 8419 | 0000 0048 | 83ec 0848 | b8e0 65cb | 1dfe 7f00 
  0x000001e68753d800: 00ff d048 | 83c4 08e9 | 0c00 0000 | 48b8 e065 | cb1d fe7f | 0000 ffd0 | 4883 c420 | 49c7 8728 
  0x000001e68753d820: 0400 0000 | 0000 0049 | c787 3804 | 0000 0000 | 0000 49c7 | 8730 0400 | 0000 0000 | 00c5 f877 
  0x000001e68753d840: 4983 7f08 | 000f 8405 | 0000 00e9 | 9039 ffff | 4c8b 6dc0 | 4c8b 75c8 | 4e8d 74f5 | 00c3 48b9 
  0x000001e68753d860: 4808 2f1e | fe7f 0000 | 4883 e4f0 | 48b8 008d | f21d fe7f | 0000 ffd0 | f44c 896d | c04c 8b4a 
  0x000001e68753d880: 0848 c742 | 0800 0000 | 0045 8b87 | d806 0000 | 4f3b 4c07 | f80f 8542 | 0000 0041 | 83af d806 
  0x000001e68753d8a0: 0000 084f | 3b4c 07f0 | 0f84 2a00 | 0000 498b | 01a8 020f | 8512 0000 | 004c 8bc0 | 4983 c801 
  0x000001e68753d8c0: f04d 0fb1 | 010f 840d | 0000 0041 | 8387 d806 | 0000 08e9 | 0500 0000 | e93e 0000 | 004c 894a 
  0x000001e68753d8e0: 0848 8bca | 4883 ec20 | 40f6 c40f | 0f84 1900 | 0000 4883 | ec08 48b8 | 3038 cb1d | fe7f 0000 
  0x000001e68753d900: ffd0 4883 | c408 e90c | 0000 0048 | b830 38cb | 1dfe 7f00 | 00ff d048 | 83c4 204c | 8b6d c041 
  0x000001e68753d920: c687 9603 | 0000 0149 | 3b6f 280f | 8705 0000 | 00e9 ab00 | 0000 4883 | ec10 c5fb | 1104 2448 
  0x000001e68753d940: 83ec 1048 | 8904 2448 | c744 2408 | 0000 0000 | c5f8 7749 | 89af 3804 | 0000 49ba | 50d9 5387 
  0x000001e68753d960: e601 0000 | 4d89 9730 | 0400 0049 | 89a7 2804 | 0000 498b | cf48 83ec | 2040 f6c4 | 0f0f 8419 
  0x000001e68753d980: 0000 0048 | 83ec 0848 | b8d0 1ecb | 1dfe 7f00 | 00ff d048 | 83c4 08e9 | 0c00 0000 | 48b8 d01e 
  0x000001e68753d9a0: cb1d fe7f | 0000 ffd0 | 4883 c420 | 49c7 8728 | 0400 0000 | 0000 0049 | c787 3804 | 0000 0000 
  0x000001e68753d9c0: 0000 49c7 | 8730 0400 | 0000 0000 | 00c5 f877 | 488b 0424 | 4883 c410 | c5fb 1004 | 2448 83c4 
  0x000001e68753d9e0: 1048 8b04 | 2448 83c4 | 10c5 fb10 | 0424 4883 | c410 4c8b | 5d18 41ff | d34c 8b5d | f8c9 41c6 
  0x000001e68753da00: 8796 0300 | 0000 5f49 | 8be3 ffe7 | ba00 0000 | 00e8 0500 | 0000 e996 | 0000 0048 | 8d44 2408 
  0x000001e68753da20: 4c89 6dc0 | 498b cfc5 | f877 4989 | af38 0400 | 0049 8987 | 2804 0000 | 4883 ec20 | 40f6 c40f 
  0x000001e68753da40: 0f84 1900 | 0000 4883 | ec08 48b8 | 202e cb1d | fe7f 0000 | ffd0 4883 | c408 e90c | 0000 0048 
  0x000001e68753da60: b820 2ecb | 1dfe 7f00 | 00ff d048 | 83c4 2049 | c787 2804 | 0000 0000 | 0000 49c7 | 8738 0400 
  0x000001e68753da80: 0000 0000 | 0049 c787 | 3004 0000 | 0000 0000 | c5f8 7749 | 837f 0800 | 0f84 0500 | 0000 e93d 
  0x000001e68753daa0: 37ff ff4c | 8b6d c04c | 8b75 c84e | 8d74 f500 | c348 8b5d | e8e9 6ef5 | ffff 660f | 1f44 0000 
[/MachCode]

---------------  P R O C E S S  ---------------

Threads class SMR info:
_java_thread_list=0x000001e6ff3638b0, length=11, elements={
0x000001e6ef36ca20, 0x000001e6ff2967d0, 0x000001e6ff2990f0, 0x000001e6ff143780,
0x000001e6ff1400d0, 0x000001e6ff2a61a0, 0x000001e6ff2ac270, 0x000001e6ff29d6a0,
0x000001e6ff2b6a10, 0x000001e6ff2aab00, 0x000001e6ff2a7c20
}

Java Threads: ( => current thread )
=>0x000001e6ef36ca20 JavaThread "main"                              [_thread_in_native, id=3392, stack(0x0000008ea4a00000,0x0000008ea4b00000) (1024K)]
  0x000001e6ff2967d0 JavaThread "Reference Handler"          daemon [_thread_blocked, id=13452, stack(0x0000008ea5200000,0x0000008ea5300000) (1024K)]
  0x000001e6ff2990f0 JavaThread "Finalizer"                  daemon [_thread_blocked, id=13416, stack(0x0000008ea5300000,0x0000008ea5400000) (1024K)]
  0x000001e6ff143780 JavaThread "Signal Dispatcher"          daemon [_thread_blocked, id=4572, stack(0x0000008ea5400000,0x0000008ea5500000) (1024K)]
  0x000001e6ff1400d0 JavaThread "Attach Listener"            daemon [_thread_blocked, id=3504, stack(0x0000008ea5500000,0x0000008ea5600000) (1024K)]
  0x000001e6ff2a61a0 JavaThread "Service Thread"             daemon [_thread_blocked, id=17312, stack(0x0000008ea5600000,0x0000008ea5700000) (1024K)]
  0x000001e6ff2ac270 JavaThread "Monitor Deflation Thread"   daemon [_thread_blocked, id=22464, stack(0x0000008ea5700000,0x0000008ea5800000) (1024K)]
  0x000001e6ff29d6a0 JavaThread "C2 CompilerThread0"         daemon [_thread_blocked, id=15336, stack(0x0000008ea5800000,0x0000008ea5900000) (1024K)]
  0x000001e6ff2b6a10 JavaThread "C1 CompilerThread0"         daemon [_thread_blocked, id=19536, stack(0x0000008ea5900000,0x0000008ea5a00000) (1024K)]
  0x000001e6ff2aab00 JavaThread "Notification Thread"        daemon [_thread_blocked, id=13720, stack(0x0000008ea5a00000,0x0000008ea5b00000) (1024K)]
  0x000001e6ff2a7c20 JavaThread "Common-Cleaner"             daemon [_thread_blocked, id=18600, stack(0x0000008ea5b00000,0x0000008ea5c00000) (1024K)]
Total: 11

Other Threads:
  0x000001e6ff2820e0 VMThread "VM Thread"                           [id=21484, stack(0x0000008ea5100000,0x0000008ea5200000) (1024K)]
  0x000001e6ff273790 WatcherThread "VM Periodic Task Thread"        [id=23160, stack(0x0000008ea5000000,0x0000008ea5100000) (1024K)]
  0x000001e6f1703bb0 WorkerThread "GC Thread#0"                     [id=12784, stack(0x0000008ea4b00000,0x0000008ea4c00000) (1024K)]
  0x000001e6f171bc00 ConcurrentGCThread "G1 Main Marker"            [id=4592, stack(0x0000008ea4c00000,0x0000008ea4d00000) (1024K)]
  0x000001e6f171c920 WorkerThread "G1 Conc#0"                       [id=19840, stack(0x0000008ea4d00000,0x0000008ea4e00000) (1024K)]
  0x000001e6f1768b40 ConcurrentGCThread "G1 Refine#0"               [id=6840, stack(0x0000008ea4e00000,0x0000008ea4f00000) (1024K)]
  0x000001e6f176b560 ConcurrentGCThread "G1 Service"                [id=19644, stack(0x0000008ea4f00000,0x0000008ea5000000) (1024K)]
Total: 7

Threads with active compile tasks:
Total: 0

VM state: not at safepoint (normal execution)

VM Mutex/Monitor currently owned by a thread: None

Heap address: 0x0000000085800000, size: 1960 MB, Compressed Oops mode: 32-bit

CDS archive(s) mapped at: [0x000000001c000000-0x000000001cdd0000-0x000000001cdd0000), size 14483456, SharedBaseAddress: 0x000000001c000000, ArchiveRelocationMode: 1.
Compressed class space mapped at: 0x000000001d000000-0x000000005d000000, reserved size: 1073741824
UseCompressedClassPointers 1, UseCompactObjectHeaders 0
Narrow klass pointer bits 32, Max shift 3
Narrow klass base: 0x000000001c000000, Narrow klass shift: 0
Encoding Range: [0x000000001c000000 - 0x000000011c000000), (4294967296 bytes)
Klass Range:    [0x000000001c010000 - 0x000000005d000000), (1090453504 bytes)
Klass ID Range:  [65536 - 1090519033) (1090453497)
Protection zone: [0x000000001c000000 - 0x000000001c010000), (65536 bytes)

GC Precious Log:
 CardTable entry size: 512
 Card Set container configuration: InlinePtr #cards 5 size 8 Array Of Cards #cards 10 size 36 Howl #buckets 4 coarsen threshold 1843 Howl Bitmap #cards 512 size 80 coarsen threshold 460 Card regions per heap region 1 cards per card region 2048
 CPUs: 8 total, 8 available
 Memory: 7835M
 Large Page Support: Disabled
 NUMA Support: Disabled
 Compressed Oops: Enabled (32-bit)
 Heap Region Size: 1M
 Heap Min Capacity: 8M
 Heap Initial Capacity: 124M
 Heap Max Capacity: 1960M
 Pre-touch: Disabled
 Parallel Workers: 8
 Concurrent Workers: 2
 Concurrent Refinement Workers: 8
 Periodic GC: Disabled

Heap:
 garbage-first heap   total reserved 2007040K, committed 129024K, used 3221K [0x0000000085800000, 0x0000000100000000)
  region size 1024K, 3 young (3072K), 0 survivors (0K)

Heap Regions: E=young(eden), S=young(survivor), O=old, HS=humongous(starts), HC=humongous(continues), CS=collection set, F=free, TAMS=top-at-mark-start, PB=parsable bottom
|   0|0x0000000085800000, 0x0000000085800000, 0x0000000085900000|  0%| F|  |TAMS 0x0000000085800000| PB 0x0000000085800000| Untracked |  0
|   1|0x0000000085900000, 0x0000000085900000, 0x0000000085a00000|  0%| F|  |TAMS 0x0000000085900000| PB 0x0000000085900000| Untracked |  0
|   2|0x0000000085a00000, 0x0000000085a00000, 0x0000000085b00000|  0%| F|  |TAMS 0x0000000085a00000| PB 0x0000000085a00000| Untracked |  0
|   3|0x0000000085b00000, 0x0000000085b00000, 0x0000000085c00000|  0%| F|  |TAMS 0x0000000085b00000| PB 0x0000000085b00000| Untracked |  0
|   4|0x0000000085c00000, 0x0000000085c00000, 0x0000000085d00000|  0%| F|  |TAMS 0x0000000085c00000| PB 0x0000000085c00000| Untracked |  0
|   5|0x0000000085d00000, 0x0000000085d00000, 0x0000000085e00000|  0%| F|  |TAMS 0x0000000085d00000| PB 0x0000000085d00000| Untracked |  0
|   6|0x0000000085e00000, 0x0000000085e00000, 0x0000000085f00000|  0%| F|  |TAMS 0x0000000085e00000| PB 0x0000000085e00000| Untracked |  0
|   7|0x0000000085f00000, 0x0000000085f00000, 0x0000000086000000|  0%| F|  |TAMS 0x0000000085f00000| PB 0x0000000085f00000| Untracked |  0
|   8|0x0000000086000000, 0x0000000086000000, 0x0000000086100000|  0%| F|  |TAMS 0x0000000086000000| PB 0x0000000086000000| Untracked |  0
|   9|0x0000000086100000, 0x0000000086100000, 0x0000000086200000|  0%| F|  |TAMS 0x0000000086100000| PB 0x0000000086100000| Untracked |  0
|  10|0x0000000086200000, 0x0000000086200000, 0x0000000086300000|  0%| F|  |TAMS 0x0000000086200000| PB 0x0000000086200000| Untracked |  0
|  11|0x0000000086300000, 0x0000000086300000, 0x0000000086400000|  0%| F|  |TAMS 0x0000000086300000| PB 0x0000000086300000| Untracked |  0
|  12|0x0000000086400000, 0x0000000086400000, 0x0000000086500000|  0%| F|  |TAMS 0x0000000086400000| PB 0x0000000086400000| Untracked |  0
|  13|0x0000000086500000, 0x0000000086500000, 0x0000000086600000|  0%| F|  |TAMS 0x0000000086500000| PB 0x0000000086500000| Untracked |  0
|  14|0x0000000086600000, 0x0000000086600000, 0x0000000086700000|  0%| F|  |TAMS 0x0000000086600000| PB 0x0000000086600000| Untracked |  0
|  15|0x0000000086700000, 0x0000000086700000, 0x0000000086800000|  0%| F|  |TAMS 0x0000000086700000| PB 0x0000000086700000| Untracked |  0
|  16|0x0000000086800000, 0x0000000086800000, 0x0000000086900000|  0%| F|  |TAMS 0x0000000086800000| PB 0x0000000086800000| Untracked |  0
|  17|0x0000000086900000, 0x0000000086900000, 0x0000000086a00000|  0%| F|  |TAMS 0x0000000086900000| PB 0x0000000086900000| Untracked |  0
|  18|0x0000000086a00000, 0x0000000086a00000, 0x0000000086b00000|  0%| F|  |TAMS 0x0000000086a00000| PB 0x0000000086a00000| Untracked |  0
|  19|0x0000000086b00000, 0x0000000086b00000, 0x0000000086c00000|  0%| F|  |TAMS 0x0000000086b00000| PB 0x0000000086b00000| Untracked |  0
|  20|0x0000000086c00000, 0x0000000086c00000, 0x0000000086d00000|  0%| F|  |TAMS 0x0000000086c00000| PB 0x0000000086c00000| Untracked |  0
|  21|0x0000000086d00000, 0x0000000086d00000, 0x0000000086e00000|  0%| F|  |TAMS 0x0000000086d00000| PB 0x0000000086d00000| Untracked |  0
|  22|0x0000000086e00000, 0x0000000086e00000, 0x0000000086f00000|  0%| F|  |TAMS 0x0000000086e00000| PB 0x0000000086e00000| Untracked |  0
|  23|0x0000000086f00000, 0x0000000086f00000, 0x0000000087000000|  0%| F|  |TAMS 0x0000000086f00000| PB 0x0000000086f00000| Untracked |  0
|  24|0x0000000087000000, 0x0000000087000000, 0x0000000087100000|  0%| F|  |TAMS 0x0000000087000000| PB 0x0000000087000000| Untracked |  0
|  25|0x0000000087100000, 0x0000000087100000, 0x0000000087200000|  0%| F|  |TAMS 0x0000000087100000| PB 0x0000000087100000| Untracked |  0
|  26|0x0000000087200000, 0x0000000087200000, 0x0000000087300000|  0%| F|  |TAMS 0x0000000087200000| PB 0x0000000087200000| Untracked |  0
|  27|0x0000000087300000, 0x0000000087300000, 0x0000000087400000|  0%| F|  |TAMS 0x0000000087300000| PB 0x0000000087300000| Untracked |  0
|  28|0x0000000087400000, 0x0000000087400000, 0x0000000087500000|  0%| F|  |TAMS 0x0000000087400000| PB 0x0000000087400000| Untracked |  0
|  29|0x0000000087500000, 0x0000000087500000, 0x0000000087600000|  0%| F|  |TAMS 0x0000000087500000| PB 0x0000000087500000| Untracked |  0
|  30|0x0000000087600000, 0x0000000087600000, 0x0000000087700000|  0%| F|  |TAMS 0x0000000087600000| PB 0x0000000087600000| Untracked |  0
|  31|0x0000000087700000, 0x0000000087700000, 0x0000000087800000|  0%| F|  |TAMS 0x0000000087700000| PB 0x0000000087700000| Untracked |  0
|  32|0x0000000087800000, 0x0000000087800000, 0x0000000087900000|  0%| F|  |TAMS 0x0000000087800000| PB 0x0000000087800000| Untracked |  0
|  33|0x0000000087900000, 0x0000000087900000, 0x0000000087a00000|  0%| F|  |TAMS 0x0000000087900000| PB 0x0000000087900000| Untracked |  0
|  34|0x0000000087a00000, 0x0000000087a00000, 0x0000000087b00000|  0%| F|  |TAMS 0x0000000087a00000| PB 0x0000000087a00000| Untracked |  0
|  35|0x0000000087b00000, 0x0000000087b00000, 0x0000000087c00000|  0%| F|  |TAMS 0x0000000087b00000| PB 0x0000000087b00000| Untracked |  0
|  36|0x0000000087c00000, 0x0000000087c00000, 0x0000000087d00000|  0%| F|  |TAMS 0x0000000087c00000| PB 0x0000000087c00000| Untracked |  0
|  37|0x0000000087d00000, 0x0000000087d00000, 0x0000000087e00000|  0%| F|  |TAMS 0x0000000087d00000| PB 0x0000000087d00000| Untracked |  0
|  38|0x0000000087e00000, 0x0000000087e00000, 0x0000000087f00000|  0%| F|  |TAMS 0x0000000087e00000| PB 0x0000000087e00000| Untracked |  0
|  39|0x0000000087f00000, 0x0000000087f00000, 0x0000000088000000|  0%| F|  |TAMS 0x0000000087f00000| PB 0x0000000087f00000| Untracked |  0
|  40|0x0000000088000000, 0x0000000088000000, 0x0000000088100000|  0%| F|  |TAMS 0x0000000088000000| PB 0x0000000088000000| Untracked |  0
|  41|0x0000000088100000, 0x0000000088100000, 0x0000000088200000|  0%| F|  |TAMS 0x0000000088100000| PB 0x0000000088100000| Untracked |  0
|  42|0x0000000088200000, 0x0000000088200000, 0x0000000088300000|  0%| F|  |TAMS 0x0000000088200000| PB 0x0000000088200000| Untracked |  0
|  43|0x0000000088300000, 0x0000000088300000, 0x0000000088400000|  0%| F|  |TAMS 0x0000000088300000| PB 0x0000000088300000| Untracked |  0
|  44|0x0000000088400000, 0x0000000088400000, 0x0000000088500000|  0%| F|  |TAMS 0x0000000088400000| PB 0x0000000088400000| Untracked |  0
|  45|0x0000000088500000, 0x0000000088500000, 0x0000000088600000|  0%| F|  |TAMS 0x0000000088500000| PB 0x0000000088500000| Untracked |  0
|  46|0x0000000088600000, 0x0000000088600000, 0x0000000088700000|  0%| F|  |TAMS 0x0000000088600000| PB 0x0000000088600000| Untracked |  0
|  47|0x0000000088700000, 0x0000000088700000, 0x0000000088800000|  0%| F|  |TAMS 0x0000000088700000| PB 0x0000000088700000| Untracked |  0
|  48|0x0000000088800000, 0x0000000088800000, 0x0000000088900000|  0%| F|  |TAMS 0x0000000088800000| PB 0x0000000088800000| Untracked |  0
|  49|0x0000000088900000, 0x0000000088900000, 0x0000000088a00000|  0%| F|  |TAMS 0x0000000088900000| PB 0x0000000088900000| Untracked |  0
|  50|0x0000000088a00000, 0x0000000088a00000, 0x0000000088b00000|  0%| F|  |TAMS 0x0000000088a00000| PB 0x0000000088a00000| Untracked |  0
|  51|0x0000000088b00000, 0x0000000088b00000, 0x0000000088c00000|  0%| F|  |TAMS 0x0000000088b00000| PB 0x0000000088b00000| Untracked |  0
|  52|0x0000000088c00000, 0x0000000088c00000, 0x0000000088d00000|  0%| F|  |TAMS 0x0000000088c00000| PB 0x0000000088c00000| Untracked |  0
|  53|0x0000000088d00000, 0x0000000088d00000, 0x0000000088e00000|  0%| F|  |TAMS 0x0000000088d00000| PB 0x0000000088d00000| Untracked |  0
|  54|0x0000000088e00000, 0x0000000088e00000, 0x0000000088f00000|  0%| F|  |TAMS 0x0000000088e00000| PB 0x0000000088e00000| Untracked |  0
|  55|0x0000000088f00000, 0x0000000088f00000, 0x0000000089000000|  0%| F|  |TAMS 0x0000000088f00000| PB 0x0000000088f00000| Untracked |  0
|  56|0x0000000089000000, 0x0000000089000000, 0x0000000089100000|  0%| F|  |TAMS 0x0000000089000000| PB 0x0000000089000000| Untracked |  0
|  57|0x0000000089100000, 0x0000000089100000, 0x0000000089200000|  0%| F|  |TAMS 0x0000000089100000| PB 0x0000000089100000| Untracked |  0
|  58|0x0000000089200000, 0x0000000089200000, 0x0000000089300000|  0%| F|  |TAMS 0x0000000089200000| PB 0x0000000089200000| Untracked |  0
|  59|0x0000000089300000, 0x0000000089300000, 0x0000000089400000|  0%| F|  |TAMS 0x0000000089300000| PB 0x0000000089300000| Untracked |  0
|  60|0x0000000089400000, 0x0000000089400000, 0x0000000089500000|  0%| F|  |TAMS 0x0000000089400000| PB 0x0000000089400000| Untracked |  0
|  61|0x0000000089500000, 0x0000000089500000, 0x0000000089600000|  0%| F|  |TAMS 0x0000000089500000| PB 0x0000000089500000| Untracked |  0
|  62|0x0000000089600000, 0x0000000089600000, 0x0000000089700000|  0%| F|  |TAMS 0x0000000089600000| PB 0x0000000089600000| Untracked |  0
|  63|0x0000000089700000, 0x0000000089700000, 0x0000000089800000|  0%| F|  |TAMS 0x0000000089700000| PB 0x0000000089700000| Untracked |  0
|  64|0x0000000089800000, 0x0000000089800000, 0x0000000089900000|  0%| F|  |TAMS 0x0000000089800000| PB 0x0000000089800000| Untracked |  0
|  65|0x0000000089900000, 0x0000000089900000, 0x0000000089a00000|  0%| F|  |TAMS 0x0000000089900000| PB 0x0000000089900000| Untracked |  0
|  66|0x0000000089a00000, 0x0000000089a00000, 0x0000000089b00000|  0%| F|  |TAMS 0x0000000089a00000| PB 0x0000000089a00000| Untracked |  0
|  67|0x0000000089b00000, 0x0000000089b00000, 0x0000000089c00000|  0%| F|  |TAMS 0x0000000089b00000| PB 0x0000000089b00000| Untracked |  0
|  68|0x0000000089c00000, 0x0000000089c00000, 0x0000000089d00000|  0%| F|  |TAMS 0x0000000089c00000| PB 0x0000000089c00000| Untracked |  0
|  69|0x0000000089d00000, 0x0000000089d00000, 0x0000000089e00000|  0%| F|  |TAMS 0x0000000089d00000| PB 0x0000000089d00000| Untracked |  0
|  70|0x0000000089e00000, 0x0000000089e00000, 0x0000000089f00000|  0%| F|  |TAMS 0x0000000089e00000| PB 0x0000000089e00000| Untracked |  0
|  71|0x0000000089f00000, 0x0000000089f00000, 0x000000008a000000|  0%| F|  |TAMS 0x0000000089f00000| PB 0x0000000089f00000| Untracked |  0
|  72|0x000000008a000000, 0x000000008a000000, 0x000000008a100000|  0%| F|  |TAMS 0x000000008a000000| PB 0x000000008a000000| Untracked |  0
|  73|0x000000008a100000, 0x000000008a100000, 0x000000008a200000|  0%| F|  |TAMS 0x000000008a100000| PB 0x000000008a100000| Untracked |  0
|  74|0x000000008a200000, 0x000000008a200000, 0x000000008a300000|  0%| F|  |TAMS 0x000000008a200000| PB 0x000000008a200000| Untracked |  0
|  75|0x000000008a300000, 0x000000008a300000, 0x000000008a400000|  0%| F|  |TAMS 0x000000008a300000| PB 0x000000008a300000| Untracked |  0
|  76|0x000000008a400000, 0x000000008a400000, 0x000000008a500000|  0%| F|  |TAMS 0x000000008a400000| PB 0x000000008a400000| Untracked |  0
|  77|0x000000008a500000, 0x000000008a500000, 0x000000008a600000|  0%| F|  |TAMS 0x000000008a500000| PB 0x000000008a500000| Untracked |  0
|  78|0x000000008a600000, 0x000000008a600000, 0x000000008a700000|  0%| F|  |TAMS 0x000000008a600000| PB 0x000000008a600000| Untracked |  0
|  79|0x000000008a700000, 0x000000008a700000, 0x000000008a800000|  0%| F|  |TAMS 0x000000008a700000| PB 0x000000008a700000| Untracked |  0
|  80|0x000000008a800000, 0x000000008a800000, 0x000000008a900000|  0%| F|  |TAMS 0x000000008a800000| PB 0x000000008a800000| Untracked |  0
|  81|0x000000008a900000, 0x000000008a900000, 0x000000008aa00000|  0%| F|  |TAMS 0x000000008a900000| PB 0x000000008a900000| Untracked |  0
|  82|0x000000008aa00000, 0x000000008aa00000, 0x000000008ab00000|  0%| F|  |TAMS 0x000000008aa00000| PB 0x000000008aa00000| Untracked |  0
|  83|0x000000008ab00000, 0x000000008ab00000, 0x000000008ac00000|  0%| F|  |TAMS 0x000000008ab00000| PB 0x000000008ab00000| Untracked |  0
|  84|0x000000008ac00000, 0x000000008ac00000, 0x000000008ad00000|  0%| F|  |TAMS 0x000000008ac00000| PB 0x000000008ac00000| Untracked |  0
|  85|0x000000008ad00000, 0x000000008ad00000, 0x000000008ae00000|  0%| F|  |TAMS 0x000000008ad00000| PB 0x000000008ad00000| Untracked |  0
|  86|0x000000008ae00000, 0x000000008ae00000, 0x000000008af00000|  0%| F|  |TAMS 0x000000008ae00000| PB 0x000000008ae00000| Untracked |  0
|  87|0x000000008af00000, 0x000000008af00000, 0x000000008b000000|  0%| F|  |TAMS 0x000000008af00000| PB 0x000000008af00000| Untracked |  0
|  88|0x000000008b000000, 0x000000008b000000, 0x000000008b100000|  0%| F|  |TAMS 0x000000008b000000| PB 0x000000008b000000| Untracked |  0
|  89|0x000000008b100000, 0x000000008b100000, 0x000000008b200000|  0%| F|  |TAMS 0x000000008b100000| PB 0x000000008b100000| Untracked |  0
|  90|0x000000008b200000, 0x000000008b200000, 0x000000008b300000|  0%| F|  |TAMS 0x000000008b200000| PB 0x000000008b200000| Untracked |  0
|  91|0x000000008b300000, 0x000000008b300000, 0x000000008b400000|  0%| F|  |TAMS 0x000000008b300000| PB 0x000000008b300000| Untracked |  0
|  92|0x000000008b400000, 0x000000008b400000, 0x000000008b500000|  0%| F|  |TAMS 0x000000008b400000| PB 0x000000008b400000| Untracked |  0
|  93|0x000000008b500000, 0x000000008b500000, 0x000000008b600000|  0%| F|  |TAMS 0x000000008b500000| PB 0x000000008b500000| Untracked |  0
|  94|0x000000008b600000, 0x000000008b600000, 0x000000008b700000|  0%| F|  |TAMS 0x000000008b600000| PB 0x000000008b600000| Untracked |  0
|  95|0x000000008b700000, 0x000000008b700000, 0x000000008b800000|  0%| F|  |TAMS 0x000000008b700000| PB 0x000000008b700000| Untracked |  0
|  96|0x000000008b800000, 0x000000008b800000, 0x000000008b900000|  0%| F|  |TAMS 0x000000008b800000| PB 0x000000008b800000| Untracked |  0
|  97|0x000000008b900000, 0x000000008b900000, 0x000000008ba00000|  0%| F|  |TAMS 0x000000008b900000| PB 0x000000008b900000| Untracked |  0
|  98|0x000000008ba00000, 0x000000008ba00000, 0x000000008bb00000|  0%| F|  |TAMS 0x000000008ba00000| PB 0x000000008ba00000| Untracked |  0
|  99|0x000000008bb00000, 0x000000008bb00000, 0x000000008bc00000|  0%| F|  |TAMS 0x000000008bb00000| PB 0x000000008bb00000| Untracked |  0
| 100|0x000000008bc00000, 0x000000008bc00000, 0x000000008bd00000|  0%| F|  |TAMS 0x000000008bc00000| PB 0x000000008bc00000| Untracked |  0
| 101|0x000000008bd00000, 0x000000008bd00000, 0x000000008be00000|  0%| F|  |TAMS 0x000000008bd00000| PB 0x000000008bd00000| Untracked |  0
| 102|0x000000008be00000, 0x000000008be00000, 0x000000008bf00000|  0%| F|  |TAMS 0x000000008be00000| PB 0x000000008be00000| Untracked |  0
| 103|0x000000008bf00000, 0x000000008bf00000, 0x000000008c000000|  0%| F|  |TAMS 0x000000008bf00000| PB 0x000000008bf00000| Untracked |  0
| 104|0x000000008c000000, 0x000000008c000000, 0x000000008c100000|  0%| F|  |TAMS 0x000000008c000000| PB 0x000000008c000000| Untracked |  0
| 105|0x000000008c100000, 0x000000008c100000, 0x000000008c200000|  0%| F|  |TAMS 0x000000008c100000| PB 0x000000008c100000| Untracked |  0
| 106|0x000000008c200000, 0x000000008c200000, 0x000000008c300000|  0%| F|  |TAMS 0x000000008c200000| PB 0x000000008c200000| Untracked |  0
| 107|0x000000008c300000, 0x000000008c300000, 0x000000008c400000|  0%| F|  |TAMS 0x000000008c300000| PB 0x000000008c300000| Untracked |  0
| 108|0x000000008c400000, 0x000000008c400000, 0x000000008c500000|  0%| F|  |TAMS 0x000000008c400000| PB 0x000000008c400000| Untracked |  0
| 109|0x000000008c500000, 0x000000008c500000, 0x000000008c600000|  0%| F|  |TAMS 0x000000008c500000| PB 0x000000008c500000| Untracked |  0
| 110|0x000000008c600000, 0x000000008c600000, 0x000000008c700000|  0%| F|  |TAMS 0x000000008c600000| PB 0x000000008c600000| Untracked |  0
| 111|0x000000008c700000, 0x000000008c700000, 0x000000008c800000|  0%| F|  |TAMS 0x000000008c700000| PB 0x000000008c700000| Untracked |  0
| 112|0x000000008c800000, 0x000000008c800000, 0x000000008c900000|  0%| F|  |TAMS 0x000000008c800000| PB 0x000000008c800000| Untracked |  0
| 113|0x000000008c900000, 0x000000008c900000, 0x000000008ca00000|  0%| F|  |TAMS 0x000000008c900000| PB 0x000000008c900000| Untracked |  0
| 114|0x000000008ca00000, 0x000000008ca00000, 0x000000008cb00000|  0%| F|  |TAMS 0x000000008ca00000| PB 0x000000008ca00000| Untracked |  0
| 115|0x000000008cb00000, 0x000000008cb00000, 0x000000008cc00000|  0%| F|  |TAMS 0x000000008cb00000| PB 0x000000008cb00000| Untracked |  0
| 116|0x000000008cc00000, 0x000000008cc00000, 0x000000008cd00000|  0%| F|  |TAMS 0x000000008cc00000| PB 0x000000008cc00000| Untracked |  0
| 117|0x000000008cd00000, 0x000000008cd00000, 0x000000008ce00000|  0%| F|  |TAMS 0x000000008cd00000| PB 0x000000008cd00000| Untracked |  0
| 118|0x000000008ce00000, 0x000000008ce00000, 0x000000008cf00000|  0%| F|  |TAMS 0x000000008ce00000| PB 0x000000008ce00000| Untracked |  0
| 119|0x000000008cf00000, 0x000000008cf00000, 0x000000008d000000|  0%| F|  |TAMS 0x000000008cf00000| PB 0x000000008cf00000| Untracked |  0
| 120|0x000000008d000000, 0x000000008d000000, 0x000000008d100000|  0%| F|  |TAMS 0x000000008d000000| PB 0x000000008d000000| Untracked |  0
| 121|0x000000008d100000, 0x000000008d180000, 0x000000008d200000| 50%| E|  |TAMS 0x000000008d100000| PB 0x000000008d100000| Complete |  0
| 122|0x000000008d200000, 0x000000008d300000, 0x000000008d300000|100%| E|CS|TAMS 0x000000008d200000| PB 0x000000008d200000| Complete |  0
| 123|0x000000008d300000, 0x000000008d400000, 0x000000008d400000|100%| E|CS|TAMS 0x000000008d300000| PB 0x000000008d300000| Complete |  0
|1958|0x00000000ffe00000, 0x00000000fff00000, 0x00000000fff00000|100%| O|  |TAMS 0x00000000ffe00000| PB 0x00000000ffe00000| Untracked |  0
|1959|0x00000000fff00000, 0x00000000fff256a0, 0x0000000100000000| 14%| O|  |TAMS 0x00000000fff00000| PB 0x00000000fff00000| Untracked |  0

Card table byte_map: [0x000001e6fa640000,0x000001e6faa20000] _byte_map_base: 0x000001e6fa214000

Marking Bits: (CMBitMap*) 0x000001e6f1704340
 Bits: [0x000001e6faa20000, 0x000001e6fc8c0000)

Polling page: 0x000001e6f0e80000

Metaspace:
Metaspace        used 533K, committed 704K, reserved 1114112K
 class space     used 30K, committed 128K, reserved 1048576K

Usage:
  Non-class:    503.49 KB used.
      Class:     30.01 KB used.
       Both:    533.50 KB used.

Virtual space:
  Non-class space:       64.00 MB reserved,     576.00 KB ( <1%) committed,  1 nodes.
      Class space:        1.00 GB reserved,     128.00 KB ( <1%) committed,  1 nodes.
             Both:        1.06 GB reserved,     704.00 KB ( <1%) committed. 

Chunk freelists:
   Non-Class:  11.97 MB
       Class:  15.74 MB
        Both:  27.71 MB

MaxMetaspaceSize: unlimited
CompressedClassSpaceSize: 1.00 GB
Initial GC threshold: 21.00 MB
Current GC threshold: 21.00 MB
CDS: on
 - commit_granule_bytes: 65536.
 - commit_granule_words: 8192.
 - virtual_space_node_default_size: 8388608.
 - enlarge_chunks_in_place: 1.
UseCompressedClassPointers 1, UseCompactObjectHeaders 0
Narrow klass pointer bits 32, Max shift 3
Narrow klass base: 0x000000001c000000, Narrow klass shift: 0
Encoding Range: [0x000000001c000000 - 0x000000011c000000), (4294967296 bytes)
Klass Range:    [0x000000001c010000 - 0x000000005d000000), (1090453504 bytes)
Klass ID Range:  [65536 - 1090519033) (1090453497)
Protection zone: [0x000000001c000000 - 0x000000001c010000), (65536 bytes)


Internal statistics:

num_allocs_failed_limit: 0.
num_arena_births: 10.
num_arena_deaths: 0.
num_vsnodes_births: 2.
num_vsnodes_deaths: 0.
num_space_committed: 11.
num_space_uncommitted: 0.
num_chunks_returned_to_freelist: 0.
num_chunks_taken_from_freelist: 13.
num_chunk_merges: 0.
num_chunk_splits: 11.
num_chunks_enlarged: 5.
num_inconsistent_stats: 0.

CodeHeap 'non-profiled nmethods': size=120064Kb used=54Kb max_used=54Kb free=120009Kb
 bounds [0x000001e687ac0000, 0x000001e687d30000, 0x000001e68f000000]
CodeHeap 'profiled nmethods': size=120000Kb used=138Kb max_used=138Kb free=119861Kb
 bounds [0x000001e680000000, 0x000001e680270000, 0x000001e687530000]
CodeHeap 'non-nmethods': size=5696Kb used=1343Kb max_used=1352Kb free=4352Kb
 bounds [0x000001e687530000, 0x000001e6877a0000, 0x000001e687ac0000]
CodeCache: size=245760Kb, used=1535Kb, max_used=1544Kb, free=244222Kb
 total_blobs=560, nmethods=180, adapters=284, full_count=0
Compilation: enabled, stopped_count=0, restarted_count=0

Compilation events (20 events):
Event: 14.308 Thread 0x000001e6ff2b6a10  169       3       java.lang.StringBuilder::append (8 bytes)
Event: 14.308 Thread 0x000001e6ff2b6a10 nmethod 169 0x000001e68001f608 code [0x000001e68001f700, 0x000001e68001f850]
Event: 14.308 Thread 0x000001e6ff2b6a10  170       3       java.lang.AbstractStringBuilder::append (100 bytes)
Event: 14.309 Thread 0x000001e6ff2b6a10 nmethod 170 0x000001e68001f908 code [0x000001e68001fa00, 0x000001e6800200d0]
Event: 14.310 Thread 0x000001e6ff2b6a10  172       3       jdk.internal.classfile.impl.AbstractPoolEntry::hashString (5 bytes)
Event: 14.310 Thread 0x000001e6ff2b6a10 nmethod 172 0x000001e680020108 code [0x000001e680020200, 0x000001e6800202f0]
Event: 14.311 Thread 0x000001e6ff2b6a10  173       1       java.util.ArrayList::size (5 bytes)
Event: 14.311 Thread 0x000001e6ff2b6a10 nmethod 173 0x000001e687acd088 code [0x000001e687acd180, 0x000001e687acd248]
Event: 14.311 Thread 0x000001e6ff2b6a10  174       3       jdk.internal.classfile.impl.EntryMap::firstToken (50 bytes)
Event: 14.311 Thread 0x000001e6ff2b6a10 nmethod 174 0x000001e680020408 code [0x000001e680020500, 0x000001e680020898]
Event: 14.311 Thread 0x000001e6ff2b6a10  176       3       java.lang.StringCoding::countNonZeroAsciiLatin1 (33 bytes)
Event: 14.311 Thread 0x000001e6ff2b6a10 nmethod 176 0x000001e680020908 code [0x000001e680020a00, 0x000001e680020c08]
Event: 14.311 Thread 0x000001e6ff2b6a10  175       3       jdk.internal.classfile.impl.SplitConstantPool::entryByIndex (59 bytes)
Event: 14.312 Thread 0x000001e6ff2b6a10 nmethod 175 0x000001e680020c88 code [0x000001e680020d80, 0x000001e680021fd8]
Event: 14.312 Thread 0x000001e6ff2b6a10  178       3       java.util.Objects::equals (23 bytes)
Event: 14.312 Thread 0x000001e6ff2b6a10 nmethod 178 0x000001e680022008 code [0x000001e680022100, 0x000001e680022350]
Event: 14.312 Thread 0x000001e6ff2b6a10  177       3       java.lang.Math::max (11 bytes)
Event: 14.313 Thread 0x000001e6ff2b6a10 nmethod 177 0x000001e680022388 code [0x000001e680022480, 0x000001e6800225b0]
Event: 14.313 Thread 0x000001e6ff2b6a10  180       3       java.lang.invoke.MemberName::initResolved (53 bytes)
Event: 14.313 Thread 0x000001e6ff2b6a10 nmethod 180 0x000001e680022688 code [0x000001e680022780, 0x000001e680022920]

GC Heap Usage History (0 events):
No events

Metaspace Usage History (0 events):
No events

Dll operation events (3 events):
Event: 0.016 Loaded shared library C:\Program Files\Java\jdk-25\bin\java.dll
Event: 0.080 Loaded shared library E:\MSEC\SEM3\JAVA\EX12 - [Native Methods]\ArithmeticLib.dll
Event: 0.106 Loaded shared library C:\Program Files\Java\jdk-25\bin\jimage.dll

Deoptimization events (0 events):
No events

Classes loaded (20 events):
Event: 0.101 Loading class jdk/internal/module/ModulePatcher$PatchedModuleReader
Event: 0.101 Loading class jdk/internal/module/ModulePatcher$PatchedModuleReader done
Event: 0.107 Loading class jdk/internal/jimage/ImageLocation
Event: 0.107 Loading class jdk/internal/jimage/ImageLocation done
Event: 0.108 Loading class sun/net/www/protocol/jrt/Handler
Event: 0.108 Loading class sun/net/www/protocol/jrt/Handler done
Event: 0.116 Loading class sun/util/resources/LocaleData$CommonResourceBundleProvider
Event: 0.116 Loading class sun/util/resources/LocaleData$LocaleDataResourceBundleProvider
Event: 0.116 Loading class java/util/spi/ResourceBundleProvider
Event: 0.116 Loading class java/util/spi/ResourceBundleProvider done
Event: 0.116 Loading class sun/util/resources/LocaleData$LocaleDataResourceBundleProvider done
Event: 0.116 Loading class sun/util/resources/LocaleData$CommonResourceBundleProvider done
Event: 0.117 Loading class java/util/ArrayList$SubList$1
Event: 0.117 Loading class java/util/ArrayList$SubList$1 done
Event: 0.118 Loading class sun/text/resources/cldr/FormatData_en
Event: 0.118 Loading class sun/text/resources/cldr/FormatData_en done
Event: 0.119 Loading class java/lang/InstantiationException
Event: 0.119 Loading class java/lang/InstantiationException done
Event: 0.119 Loading class java/lang/IllegalAccessException
Event: 0.119 Loading class java/lang/IllegalAccessException done

Classes unloaded (0 events):
No events

Classes redefined (0 events):
No events

Internal exceptions (0 events):
No events

VM Operations (0 events):
No events

Memory protections (0 events):
No events

Nmethod flushes (0 events):
No events

Events (11 events):
Event: 0.043 Thread 0x000001e6ef36ca20 Thread added: 0x000001e6ef36ca20
Event: 0.061 Thread 0x000001e6ef36ca20 Thread added: 0x000001e6ff2967d0
Event: 0.062 Thread 0x000001e6ef36ca20 Thread added: 0x000001e6ff2990f0
Event: 0.062 Thread 0x000001e6ef36ca20 Thread added: 0x000001e6ff143780
Event: 0.062 Thread 0x000001e6ef36ca20 Thread added: 0x000001e6ff1400d0
Event: 0.062 Thread 0x000001e6ef36ca20 Thread added: 0x000001e6ff2a61a0
Event: 0.062 Thread 0x000001e6ef36ca20 Thread added: 0x000001e6ff2ac270
Event: 0.062 Thread 0x000001e6ef36ca20 Thread added: 0x000001e6ff29d6a0
Event: 0.062 Thread 0x000001e6ef36ca20 Thread added: 0x000001e6ff2b6a10
Event: 0.067 Thread 0x000001e6ef36ca20 Thread added: 0x000001e6ff2aab00
Event: 0.072 Thread 0x000001e6ef36ca20 Thread added: 0x000001e6ff2a7c20


Dynamic libraries:
0x00007ff6d8d00000 - 0x00007ff6d8d10000 	C:\Program Files\Java\jdk-25\bin\java.exe
0x00007ffe94110000 - 0x00007ffe94327000 	C:\windows\SYSTEM32\ntdll.dll
0x00007ffe92e40000 - 0x00007ffe92f04000 	C:\windows\System32\KERNEL32.DLL
0x00007ffe91450000 - 0x00007ffe91807000 	C:\windows\System32\KERNELBASE.dll
0x00007ffe91ca0000 - 0x00007ffe91db1000 	C:\windows\System32\ucrtbase.dll
0x00007ffe8cfe0000 - 0x00007ffe8cff7000 	C:\Program Files\Java\jdk-25\bin\jli.dll
0x00007ffe8cfc0000 - 0x00007ffe8cfde000 	C:\Program Files\Java\jdk-25\bin\VCRUNTIME140.dll
0x00007ffe92c90000 - 0x00007ffe92e3f000 	C:\windows\System32\USER32.dll
0x00007ffe91810000 - 0x00007ffe91836000 	C:\windows\System32\win32u.dll
0x00007ffe75380000 - 0x00007ffe75613000 	C:\windows\WinSxS\amd64_microsoft.windows.common-controls_6595b64144ccf1df_6.0.22621.3672_none_2713b9d173822955\COMCTL32.dll
0x00007ffe91e40000 - 0x00007ffe91e69000 	C:\windows\System32\GDI32.dll
0x00007ffe93050000 - 0x00007ffe930f7000 	C:\windows\System32\msvcrt.dll
0x00007ffe91ac0000 - 0x00007ffe91bd8000 	C:\windows\System32\gdi32full.dll
0x00007ffe91a20000 - 0x00007ffe91aba000 	C:\windows\System32\msvcp_win.dll
0x00007ffe92c50000 - 0x00007ffe92c81000 	C:\windows\System32\IMM32.DLL
0x00007ffe8cfb0000 - 0x00007ffe8cfbc000 	C:\Program Files\Java\jdk-25\bin\vcruntime140_1.dll
0x00007ffe54b30000 - 0x00007ffe54bbd000 	C:\Program Files\Java\jdk-25\bin\msvcp140.dll
0x00007ffe1d840000 - 0x00007ffe1e69f000 	C:\Program Files\Java\jdk-25\bin\server\jvm.dll
0x00007ffe92f10000 - 0x00007ffe92fc2000 	C:\windows\System32\ADVAPI32.dll
0x00007ffe92ad0000 - 0x00007ffe92b78000 	C:\windows\System32\sechost.dll
0x00007ffe91420000 - 0x00007ffe91448000 	C:\windows\System32\bcrypt.dll
0x00007ffe92680000 - 0x00007ffe92794000 	C:\windows\System32\RPCRT4.dll
0x00007ffe92b80000 - 0x00007ffe92bf1000 	C:\windows\System32\WS2_32.dll
0x00007ffe8cec0000 - 0x00007ffe8cef4000 	C:\windows\SYSTEM32\WINMM.dll
0x00007ffe91240000 - 0x00007ffe9128d000 	C:\windows\SYSTEM32\POWRPROF.dll
0x00007ffe8ceb0000 - 0x00007ffe8ceba000 	C:\windows\SYSTEM32\VERSION.dll
0x00007ffe91220000 - 0x00007ffe91233000 	C:\windows\SYSTEM32\UMPDC.dll
0x00007ffe90450000 - 0x00007ffe90468000 	C:\windows\SYSTEM32\kernel.appcore.dll
0x00007ffe8cfa0000 - 0x00007ffe8cfaa000 	C:\Program Files\Java\jdk-25\bin\jimage.dll
0x00007ffe8ec60000 - 0x00007ffe8ee92000 	C:\windows\SYSTEM32\DBGHELP.DLL
0x00007ffe92120000 - 0x00007ffe924ae000 	C:\windows\System32\combase.dll
0x00007ffe93ff0000 - 0x00007ffe940c7000 	C:\windows\System32\OLEAUT32.dll
0x00007ffe6b4d0000 - 0x00007ffe6b502000 	C:\windows\SYSTEM32\dbgcore.DLL
0x00007ffe91dc0000 - 0x00007ffe91e3b000 	C:\windows\System32\bcryptPrimitives.dll
0x00007ffe6fd90000 - 0x00007ffe6fdaf000 	C:\Program Files\Java\jdk-25\bin\java.dll
0x00007ffe927c0000 - 0x00007ffe92965000 	C:\windows\System32\ole32.dll
0x00007ffe93300000 - 0x00007ffe93b69000 	C:\windows\System32\SHELL32.dll
0x00007ffe8f340000 - 0x00007ffe8fc3f000 	C:\windows\SYSTEM32\windows.storage.dll
0x00007ffe8f200000 - 0x00007ffe8f33f000 	C:\windows\SYSTEM32\wintypes.dll
0x00007ffe92020000 - 0x00007ffe92119000 	C:\windows\System32\SHCORE.dll
0x00007ffe93210000 - 0x00007ffe9326e000 	C:\windows\System32\shlwapi.dll
0x00007ffe91350000 - 0x00007ffe91377000 	C:\windows\SYSTEM32\profapi.dll
0x00007ffe66a90000 - 0x00007ffe66aa4000 	E:\MSEC\SEM3\JAVA\EX12 - [Native Methods]\ArithmeticLib.dll

JVMTI agents: none

dbghelp: loaded successfully - version: 4.0.5 - missing functions: none
symbol engine: initialized successfully - sym options: 0x614 - pdb path: .;C:\Program Files\Java\jdk-25\bin;C:\windows\SYSTEM32;C:\windows\WinSxS\amd64_microsoft.windows.common-controls_6595b64144ccf1df_6.0.22621.3672_none_2713b9d173822955;C:\Program Files\Java\jdk-25\bin\server;E:\MSEC\SEM3\JAVA\EX12 - [Native Methods]

VM Arguments:
java_command: NativeArithmetic
java_class_path (initial): .
Launcher Type: SUN_STANDARD

[Global flags]
     intx CICompilerCount                          = 4                                         {product} {ergonomic}
     uint ConcGCThreads                            = 2                                         {product} {ergonomic}
     uint G1ConcRefinementThreads                  = 8                                         {product} {ergonomic}
   size_t G1HeapRegionSize                         = 1048576                                   {product} {ergonomic}
   size_t InitialHeapSize                          = 130023424                                 {product} {ergonomic}
   size_t MarkStackSize                            = 4194304                                   {product} {ergonomic}
   size_t MarkStackSizeMax                         = 536870912                                 {product} {ergonomic}
   size_t MaxHeapSize                              = 2055208960                                {product} {ergonomic}
   size_t MaxNewSize                               = 1233125376                                {product} {ergonomic}
   size_t MinHeapDeltaBytes                        = 1048576                                   {product} {ergonomic}
   size_t MinHeapSize                              = 8388608                                   {product} {ergonomic}
    uintx NonNMethodCodeHeapSize                   = 5832704                                {pd product} {ergonomic}
    uintx NonProfiledCodeHeapSize                  = 122945536                              {pd product} {ergonomic}
    uintx ProfiledCodeHeapSize                     = 122880000                              {pd product} {ergonomic}
    uintx ReservedCodeCacheSize                    = 251658240                              {pd product} {ergonomic}
     bool SegmentedCodeCache                       = true                                      {product} {ergonomic}
   size_t SoftMaxHeapSize                          = 2055208960                             {manageable} {ergonomic}
     bool UseCompressedOops                        = true                           {product lp64_product} {ergonomic}
     bool UseG1GC                                  = true                                      {product} {ergonomic}
     bool UseLargePagesIndividualAllocation        = false                                  {pd product} {ergonomic}

Logging:
Log output configuration:
 #0: stdout all=warning uptime,level,tags foldmultilines=false
 #1: stderr all=off uptime,level,tags foldmultilines=false

Release file:
IMPLEMENTOR="Oracle Corporation" 
JAVA_RUNTIME_VERSION="25.0.1+8-LTS-27" 
JAVA_VERSION="25.0.1" 
JAVA_VERSION_DATE="2025-10-21" 
LIBC="default" 
MODULES="java.base java.compiler java.datatransfer java.xml java.prefs java.desktop java.instrument java.logging java.management java.security.sasl java.naming java.rmi java.management.rmi java.net.http java.scripting java.security.jgss java.transaction.xa java.sql java.sql.rowset java.xml.crypto java.se java.smartcardio jdk.accessibility jdk.internal.jvmstat jdk.attach jdk.charsets jdk.internal.opt jdk.zipfs jdk.compiler jdk.crypto.cryptoki jdk.crypto.ec jdk.crypto.mscapi jdk.dynalink jdk.internal.ed jdk.editpad jdk.internal.vm.ci jdk.graal.compiler jdk.graal.compiler.management jdk.hotspot.agent jdk.httpserver jdk.incubator.vector jdk.internal.le jdk.internal.md jdk.jartool jdk.javadoc jdk.jcmd jdk.management jdk.management.agent jdk.jconsole jdk.jdeps jdk.jdwp.agent jdk.jdi jdk.jfr jdk.jlink jdk.jpackage jdk.jshell jdk.jsobject jdk.jstatd jdk.localedata jdk.management.jfr jdk.naming.dns jdk.naming.rmi jdk.net jdk.nio.mapmode jdk.sctp jdk.security.auth jdk.security.jgss jdk.unsupported jdk.unsupported.desktop jdk.xml.dom" 
OS_ARCH="x86_64" 
OS_NAME="Windows" 
SOURCE=".:git:862c85bc42b7 open:git:78770bfaefd2" 

Environment Variables:
JAVA_HOME=C:\Program Files\Java\jdk-20
PATH=C:\MinGW\bin;C:\Program Files\Common Files\Oracle\Java\javapath;C:\App\db_home\bin;C:\windows\system32;C:\windows;C:\windows\System32\Wbem;C:\windows\System32\WindowsPowerShell\v1.0\;C:\windows\System32\OpenSSH\;C:\Program Files\Git\cmd;C:\Program Files\Git\bin;C:\src\flutter\bin;C:\Users\Stephen Raj\AppData\Local\Pub\Cache\bin;C:\Users\Stephen Raj\.cache\firebase\tools\bin;C:\Users\Stephen Raj\.cache\firebase\tools\lib\node_modules\firebase-tools\lib\bin;C:\Program Files\Java\jdk-20\bin;C:\Program Files\nodejs\;C:\Program Files (x86)\Windows Kits\10\Windows Performance Toolkit\;C:\Program Files (x86)\MinGW\bin;D:\GCC\bin;C:\Users\Stephen Raj\AppData\Local\Programs\Python\Launcher\;C:\Program Files\MySQL\MySQL Shell 8.0\bin\;C:\Users\Stephen Raj\AppData\Local\Microsoft\WindowsApps;C:\Users\Stephen Raj\AppData\Local\Programs\Microsoft VS Code\bin;C:\Users\Stephen Raj\AppData\Local\Pub\Cache\bin;C:\Users\Stephen Raj\.cache\firebase\tools\bin;C:\Users\Stephen Raj\.cache\firebase\tools\lib\node_modules\firebase-tools\lib\bin;C:\Program Files\Java\jdk-20\bin;C:\Program Files\JetBrains\IntelliJ IDEA 2023.2.1\bin;;C:\Users\Stephen Raj\AppData\Roaming\npm;C:\MinGW\bin;;D:\VHDL\modelsim_ase\win32aloem
USERNAME=Stephen Raj
OS=Windows_NT
PROCESSOR_IDENTIFIER=Intel64 Family 6 Model 140 Stepping 2, GenuineIntel
TMP=C:\Users\STEPHE~1\AppData\Local\Temp
TEMP=C:\Users\STEPHE~1\AppData\Local\Temp




Compilation memory statistics disabled.

Periodic native trim disabled

---------------  S Y S T E M  ---------------

OS:
 Windows 11 , 64 bit Build 22621 (10.0.22621.3958)
OS uptime: 0 days 3:23 hours
Hyper-V role detected

CPU: total 8 (initial active 8) (4 cores per cpu, 2 threads per core) family 6 model 140 stepping 2 microcode 0x34, cx8, cmov, fxsr, ht, mmx, 3dnowpref, sse, sse2, sse3, ssse3, sse4.1, sse4.2, popcnt, lzcnt, tsc, tscinvbit, avx, avx2, aes, erms, clmul, bmi1, bmi2, adx, avx512f, avx512dq, avx512cd, avx512bw, avx512vl, sha, fma, vzeroupper, avx512_vpopcntdq, avx512_vpclmulqdq, avx512_vaes, avx512_vnni, clflush, clflushopt, clwb, avx512_vbmi2, avx512_vbmi, hv, rdtscp, rdpid, fsrm, gfni, avx512_bitalg, f16c, cet_ibt, cet_ss, avx512_ifma
Processor Information for the first 8 processors :
  Max Mhz: 2496, Current Mhz: 1198, Mhz Limit: 2496

Memory: 4k page, system-wide physical 7835M (731M free)
TotalPageFile size 16807M (AvailPageFile size 2023M)
current process WorkingSet (physical memory assigned to process): 38M, peak: 38M
current process commit charge ("private bytes"): 207M, peak: 208M

vm_info: Java HotSpot(TM) 64-Bit Server VM (25.0.1+8-LTS-27) for windows-amd64 JRE (25.0.1+8-LTS-27), built on 2025-09-25T16:41:16Z with unknown MS VC++:1943

END.
